<?xml version="1.0" encoding="UTF-8"?>
<testsuites name="jest tests" tests="1" failures="0" errors="0" time="0.201">
  <testsuite name="undefined" errors="0" failures="0" skipped="0" timestamp="2021-08-16T07:10:12" time="0.161" tests="1">
    <testcase classname=" renders without crashing" name=" renders without crashing" time="0.005">
    </testcase>
  </testsuite>
</testsuites>